// Jest Snapshot v1, https://goo.gl/fbAQLP

exports[`it should match the snapshot and render 1`] = `
<div>
  <div
    class="sc-17dcb476-0 cRvGnj"
    data-hidden="true"
  >
    <h1 />
  </div>
</div>
`;
